../Drivers/STM32WBxx_HAL_Driver/Inc/stm32wbxx_ll_rcc.h:1667:22:LL_RCC_LSE_SetDriveCapability	16	static
../Drivers/STM32WBxx_HAL_Driver/Inc/stm32wbxx_ll_bus.h:540:22:LL_AHB2_GRP1_EnableClock	24	static
../Core/Src/main.c:69:5:main	8	static
../Core/Src/main.c:114:6:SystemClock_Config	192	static
../Core/Src/main.c:196:13:MX_USART1_UART_Init	8	static
../Core/Src/main.c:244:13:MX_USB_PCD_Init	8	static
../Core/Src/main.c:277:13:MX_GPIO_Init	32	static
../Core/Src/main.c:319:6:Error_Handler	4	static,ignoring_inline_asm
